// Vitest Snapshot v1

exports[`converts events to points > points for sample jobs 1`] = `
{
  "completedData": [
    {
      "completed": 16.5,
      "completedCount": 22,
      "part": "part1-2",
      "totalCount": 82,
      "totalPlan": 61.5,
      "workorders": "",
      "x": 16.5,
      "y": 0,
    },
    {
      "completed": 51.25,
      "completedCount": 41,
      "part": "part1-1",
      "totalCount": 82,
      "totalPlan": 102.5,
      "workorders": "",
      "x": 51.25,
      "y": 1,
    },
  ],
  "longestPartName": 7,
  "planData": [
    {
      "x": 61.5,
      "y": 0,
    },
    {
      "x": 102.5,
      "y": 1,
    },
  ],
}
`;
